1. Удовлетворительно.
Использует внешние ключи, никаких возможных мероприятий по горизонтальному распределению жирных таблиц, в дампе присутствует около 20 тестовых записей, что говорит о том, что он не генерировал требуемый объем данных и не тестировал работу на нем.


2. Отлично с минусом. Реализовал на Yii2. Хорошая структура проекта, в контроллерах и моделях все хорошо, видно что с Yii опыт работы есть.

единственное что не понравилось - models/Reader:89-92, давно пора уже быть в курсе того, что есть методы array_map и array_column, а не городить foreach велосипеды.


3. Удовлетворительно
3.1. Удовлетворительно. Смухлевал введя счетчик авторов, поставил бы отлично, если бы счетчик поддерживался через триггеры, а не доп. запросами в коде.
3.2 Хорошо. Нормальное решение, но можно еще быстрее сделать.
3.3 Плохо. Накрутил навертел, в итоге получил тот же ORDER BY RAND() только хуже.


4. Отлично. Все хорошо + еще и с composer знаком.

5. Удовлетворительно. Про инструментарий ответил, но из ответа видно что знаний как все устроено внутри нет + плохое решение со срезами данных.


6. Плохое решение. Один запрос счетчика - минимум два CU запроса к mysql БД


Итого: Умеет на хорошем уровне работать с Yii, с хайлоадом не знаком. Можно взять на небольшой проект или доработку среднего.

